------------------------------------------------------------
TimeQuest Timing Analyzer Summary
------------------------------------------------------------

Type  : Slow 1100mV 85C Model Setup 'CLOCK_50'
Slack : -4.062
TNS   : -59.041

Type  : Slow 1100mV 85C Model Setup 'spi2dac:spi|clk_1MHz'
Slack : -4.014
TNS   : -61.025

Type  : Slow 1100mV 85C Model Setup 'divide5k:divide5|tick'
Slack : -1.315
TNS   : -13.113

Type  : Slow 1100mV 85C Model Hold 'spi2dac:spi|clk_1MHz'
Slack : 0.011
TNS   : 0.000

Type  : Slow 1100mV 85C Model Hold 'CLOCK_50'
Slack : 0.373
TNS   : 0.000

Type  : Slow 1100mV 85C Model Hold 'divide5k:divide5|tick'
Slack : 0.721
TNS   : 0.000

Type  : Slow 1100mV 85C Model Minimum Pulse Width 'divide5k:divide5|tick'
Slack : -2.174
TNS   : -40.144

Type  : Slow 1100mV 85C Model Minimum Pulse Width 'CLOCK_50'
Slack : -0.668
TNS   : -24.445

Type  : Slow 1100mV 85C Model Minimum Pulse Width 'spi2dac:spi|clk_1MHz'
Slack : -0.394
TNS   : -10.904

Type  : Slow 1100mV 0C Model Setup 'spi2dac:spi|clk_1MHz'
Slack : -4.144
TNS   : -62.071

Type  : Slow 1100mV 0C Model Setup 'CLOCK_50'
Slack : -3.800
TNS   : -58.858

Type  : Slow 1100mV 0C Model Setup 'divide5k:divide5|tick'
Slack : -1.347
TNS   : -13.439

Type  : Slow 1100mV 0C Model Hold 'spi2dac:spi|clk_1MHz'
Slack : 0.058
TNS   : 0.000

Type  : Slow 1100mV 0C Model Hold 'CLOCK_50'
Slack : 0.377
TNS   : 0.000

Type  : Slow 1100mV 0C Model Hold 'divide5k:divide5|tick'
Slack : 0.751
TNS   : 0.000

Type  : Slow 1100mV 0C Model Minimum Pulse Width 'divide5k:divide5|tick'
Slack : -2.174
TNS   : -40.036

Type  : Slow 1100mV 0C Model Minimum Pulse Width 'CLOCK_50'
Slack : -0.715
TNS   : -22.712

Type  : Slow 1100mV 0C Model Minimum Pulse Width 'spi2dac:spi|clk_1MHz'
Slack : -0.394
TNS   : -10.828

Type  : Fast 1100mV 85C Model Setup 'CLOCK_50'
Slack : -3.463
TNS   : -26.240

Type  : Fast 1100mV 85C Model Setup 'spi2dac:spi|clk_1MHz'
Slack : -1.904
TNS   : -27.843

Type  : Fast 1100mV 85C Model Setup 'divide5k:divide5|tick'
Slack : -0.463
TNS   : -4.603

Type  : Fast 1100mV 85C Model Hold 'spi2dac:spi|clk_1MHz'
Slack : -0.085
TNS   : -0.367

Type  : Fast 1100mV 85C Model Hold 'CLOCK_50'
Slack : 0.181
TNS   : 0.000

Type  : Fast 1100mV 85C Model Hold 'divide5k:divide5|tick'
Slack : 0.435
TNS   : 0.000

Type  : Fast 1100mV 85C Model Minimum Pulse Width 'divide5k:divide5|tick'
Slack : -2.174
TNS   : -40.142

Type  : Fast 1100mV 85C Model Minimum Pulse Width 'CLOCK_50'
Slack : -0.773
TNS   : -17.563

Type  : Fast 1100mV 85C Model Minimum Pulse Width 'spi2dac:spi|clk_1MHz'
Slack : 0.151
TNS   : 0.000

Type  : Fast 1100mV 0C Model Setup 'CLOCK_50'
Slack : -2.835
TNS   : -21.932

Type  : Fast 1100mV 0C Model Setup 'spi2dac:spi|clk_1MHz'
Slack : -1.831
TNS   : -25.994

Type  : Fast 1100mV 0C Model Setup 'divide5k:divide5|tick'
Slack : -0.444
TNS   : -4.419

Type  : Fast 1100mV 0C Model Hold 'spi2dac:spi|clk_1MHz'
Slack : -0.084
TNS   : -0.392

Type  : Fast 1100mV 0C Model Hold 'CLOCK_50'
Slack : 0.172
TNS   : 0.000

Type  : Fast 1100mV 0C Model Hold 'divide5k:divide5|tick'
Slack : 0.429
TNS   : 0.000

Type  : Fast 1100mV 0C Model Minimum Pulse Width 'divide5k:divide5|tick'
Slack : -2.174
TNS   : -40.068

Type  : Fast 1100mV 0C Model Minimum Pulse Width 'CLOCK_50'
Slack : -0.810
TNS   : -20.900

Type  : Fast 1100mV 0C Model Minimum Pulse Width 'spi2dac:spi|clk_1MHz'
Slack : 0.156
TNS   : 0.000

------------------------------------------------------------
