------------------------------------------------------------
TimeQuest Timing Analyzer Summary
------------------------------------------------------------

Type  : Slow 1100mV 85C Model Setup 'CLOCK_50'
Slack : -3.804
TNS   : -111.175

Type  : Slow 1100mV 85C Model Setup 'spi2dac:spi|clk_1MHz'
Slack : -3.774
TNS   : -59.874

Type  : Slow 1100mV 85C Model Setup 'divide5k:divide5|tick'
Slack : -1.806
TNS   : -42.537

Type  : Slow 1100mV 85C Model Hold 'spi2dac:spi|clk_1MHz'
Slack : 0.355
TNS   : 0.000

Type  : Slow 1100mV 85C Model Hold 'CLOCK_50'
Slack : 0.376
TNS   : 0.000

Type  : Slow 1100mV 85C Model Hold 'divide5k:divide5|tick'
Slack : 0.537
TNS   : 0.000

Type  : Slow 1100mV 85C Model Minimum Pulse Width 'divide5k:divide5|tick'
Slack : -2.174
TNS   : -74.716

Type  : Slow 1100mV 85C Model Minimum Pulse Width 'CLOCK_50'
Slack : -0.655
TNS   : -39.885

Type  : Slow 1100mV 85C Model Minimum Pulse Width 'spi2dac:spi|clk_1MHz'
Slack : -0.394
TNS   : -10.966

Type  : Slow 1100mV 0C Model Setup 'spi2dac:spi|clk_1MHz'
Slack : -3.912
TNS   : -61.369

Type  : Slow 1100mV 0C Model Setup 'CLOCK_50'
Slack : -3.681
TNS   : -107.078

Type  : Slow 1100mV 0C Model Setup 'divide5k:divide5|tick'
Slack : -1.812
TNS   : -42.018

Type  : Slow 1100mV 0C Model Hold 'CLOCK_50'
Slack : 0.246
TNS   : 0.000

Type  : Slow 1100mV 0C Model Hold 'spi2dac:spi|clk_1MHz'
Slack : 0.403
TNS   : 0.000

Type  : Slow 1100mV 0C Model Hold 'divide5k:divide5|tick'
Slack : 0.513
TNS   : 0.000

Type  : Slow 1100mV 0C Model Minimum Pulse Width 'divide5k:divide5|tick'
Slack : -2.174
TNS   : -74.473

Type  : Slow 1100mV 0C Model Minimum Pulse Width 'CLOCK_50'
Slack : -0.687
TNS   : -36.727

Type  : Slow 1100mV 0C Model Minimum Pulse Width 'spi2dac:spi|clk_1MHz'
Slack : -0.394
TNS   : -10.896

Type  : Fast 1100mV 85C Model Setup 'CLOCK_50'
Slack : -3.033
TNS   : -58.925

Type  : Fast 1100mV 85C Model Setup 'spi2dac:spi|clk_1MHz'
Slack : -1.790
TNS   : -29.191

Type  : Fast 1100mV 85C Model Setup 'divide5k:divide5|tick'
Slack : -0.893
TNS   : -16.688

Type  : Fast 1100mV 85C Model Hold 'spi2dac:spi|clk_1MHz'
Slack : 0.141
TNS   : 0.000

Type  : Fast 1100mV 85C Model Hold 'CLOCK_50'
Slack : 0.182
TNS   : 0.000

Type  : Fast 1100mV 85C Model Hold 'divide5k:divide5|tick'
Slack : 0.241
TNS   : 0.000

Type  : Fast 1100mV 85C Model Minimum Pulse Width 'divide5k:divide5|tick'
Slack : -2.174
TNS   : -68.784

Type  : Fast 1100mV 85C Model Minimum Pulse Width 'CLOCK_50'
Slack : -0.757
TNS   : -27.912

Type  : Fast 1100mV 85C Model Minimum Pulse Width 'spi2dac:spi|clk_1MHz'
Slack : 0.049
TNS   : 0.000

Type  : Fast 1100mV 0C Model Setup 'CLOCK_50'
Slack : -2.567
TNS   : -48.579

Type  : Fast 1100mV 0C Model Setup 'spi2dac:spi|clk_1MHz'
Slack : -1.699
TNS   : -26.767

Type  : Fast 1100mV 0C Model Setup 'divide5k:divide5|tick'
Slack : -0.707
TNS   : -14.344

Type  : Fast 1100mV 0C Model Hold 'spi2dac:spi|clk_1MHz'
Slack : 0.127
TNS   : 0.000

Type  : Fast 1100mV 0C Model Hold 'CLOCK_50'
Slack : 0.172
TNS   : 0.000

Type  : Fast 1100mV 0C Model Hold 'divide5k:divide5|tick'
Slack : 0.215
TNS   : 0.000

Type  : Fast 1100mV 0C Model Minimum Pulse Width 'divide5k:divide5|tick'
Slack : -2.174
TNS   : -68.530

Type  : Fast 1100mV 0C Model Minimum Pulse Width 'CLOCK_50'
Slack : -0.786
TNS   : -32.996

Type  : Fast 1100mV 0C Model Minimum Pulse Width 'spi2dac:spi|clk_1MHz'
Slack : 0.073
TNS   : 0.000

------------------------------------------------------------
