------------------------------------------------------------
TimeQuest Timing Analyzer Summary
------------------------------------------------------------

Type  : Slow 1100mV 85C Model Setup 'CLOCK_50'
Slack : -3.422
TNS   : -140.266

Type  : Slow 1100mV 85C Model Setup 'divide5k:divide5|tick'
Slack : -1.315
TNS   : -13.113

Type  : Slow 1100mV 85C Model Hold 'CLOCK_50'
Slack : 0.285
TNS   : 0.000

Type  : Slow 1100mV 85C Model Hold 'divide5k:divide5|tick'
Slack : 0.721
TNS   : 0.000

Type  : Slow 1100mV 85C Model Minimum Pulse Width 'divide5k:divide5|tick'
Slack : -2.174
TNS   : -40.157

Type  : Slow 1100mV 85C Model Minimum Pulse Width 'CLOCK_50'
Slack : -0.680
TNS   : -62.955

Type  : Slow 1100mV 0C Model Setup 'CLOCK_50'
Slack : -3.132
TNS   : -133.647

Type  : Slow 1100mV 0C Model Setup 'divide5k:divide5|tick'
Slack : -1.347
TNS   : -13.439

Type  : Slow 1100mV 0C Model Hold 'CLOCK_50'
Slack : -0.005
TNS   : -0.006

Type  : Slow 1100mV 0C Model Hold 'divide5k:divide5|tick'
Slack : 0.751
TNS   : 0.000

Type  : Slow 1100mV 0C Model Minimum Pulse Width 'divide5k:divide5|tick'
Slack : -2.174
TNS   : -40.036

Type  : Slow 1100mV 0C Model Minimum Pulse Width 'CLOCK_50'
Slack : -0.732
TNS   : -57.594

Type  : Fast 1100mV 85C Model Setup 'CLOCK_50'
Slack : -2.917
TNS   : -68.130

Type  : Fast 1100mV 85C Model Setup 'divide5k:divide5|tick'
Slack : -0.463
TNS   : -4.603

Type  : Fast 1100mV 85C Model Hold 'CLOCK_50'
Slack : 0.164
TNS   : 0.000

Type  : Fast 1100mV 85C Model Hold 'divide5k:divide5|tick'
Slack : 0.435
TNS   : 0.000

Type  : Fast 1100mV 85C Model Minimum Pulse Width 'divide5k:divide5|tick'
Slack : -2.174
TNS   : -40.142

Type  : Fast 1100mV 85C Model Minimum Pulse Width 'CLOCK_50'
Slack : -0.810
TNS   : -42.677

Type  : Fast 1100mV 0C Model Setup 'CLOCK_50'
Slack : -2.374
TNS   : -55.507

Type  : Fast 1100mV 0C Model Setup 'divide5k:divide5|tick'
Slack : -0.444
TNS   : -4.419

Type  : Fast 1100mV 0C Model Hold 'CLOCK_50'
Slack : 0.094
TNS   : 0.000

Type  : Fast 1100mV 0C Model Hold 'divide5k:divide5|tick'
Slack : 0.429
TNS   : 0.000

Type  : Fast 1100mV 0C Model Minimum Pulse Width 'divide5k:divide5|tick'
Slack : -2.174
TNS   : -40.068

Type  : Fast 1100mV 0C Model Minimum Pulse Width 'CLOCK_50'
Slack : -0.840
TNS   : -51.096

------------------------------------------------------------
